../Core/Src/main.c:112:6:PCA9685_SetBit	40	static
../Core/Src/main.c:123:6:PCA9685_SetPWMFrequency	40	static
../Core/Src/main.c:137:6:PCA9685_Init	16	static
../Core/Src/main.c:143:6:PCA9685_SetPWM	40	static
../Core/Src/main.c:155:8:updateEncoder	24	static
../Core/Src/main.c:163:6:OneWord	24	static
../Core/Src/main.c:169:6:Stop	16	static
../Core/Src/main.c:178:6:breaking	16	static
../Core/Src/main.c:184:6:Sideways	24	static
../Core/Src/main.c:219:8:updatePid	64	static
../Core/Src/main.c:235:6:onewordPid	200	static
../Core/Src/main.c:333:5:main	16	static
../Core/Src/main.c:405:6:SystemClock_Config	80	static
../Core/Src/main.c:449:13:MX_I2C1_Init	8	static
../Core/Src/main.c:483:13:MX_TIM2_Init	56	static
../Core/Src/main.c:532:13:MX_TIM3_Init	56	static
../Core/Src/main.c:581:13:MX_TIM4_Init	56	static
../Core/Src/main.c:630:13:MX_TIM5_Init	56	static
../Core/Src/main.c:679:13:MX_USART2_UART_Init	8	static
../Core/Src/main.c:712:13:MX_GPIO_Init	48	static
../Core/Src/main.c:790:6:Error_Handler	4	static,ignoring_inline_asm
