../Core/Src/main.c:149:5:_write	1
../Core/Src/main.c:155:6:PCA9685_SetBit	2
../Core/Src/main.c:166:6:PCA9685_SetPWMFrequency	3
../Core/Src/main.c:180:6:PCA9685_Init	1
../Core/Src/main.c:186:6:PCA9685_SetPWM	1
../Core/Src/main.c:198:6:HAL_TIM_IC_CaptureCallback	5
../Core/Src/main.c:214:6:shoot	1
../Core/Src/main.c:222:5:scanColour	5
../Core/Src/main.c:252:8:updateEncoder	1
../Core/Src/main.c:261:6:oneWord	3
../Core/Src/main.c:267:6:stop	2
../Core/Src/main.c:276:6:breaking	1
../Core/Src/main.c:328:8:updatePid	3
../Core/Src/main.c:341:6:onewordPid	54
../Core/Src/main.c:446:6:allign	6
../Core/Src/main.c:505:5:main	5
../Core/Src/main.c:642:6:SystemClock_Config	3
../Core/Src/main.c:686:13:MX_I2C1_Init	2
../Core/Src/main.c:720:13:MX_TIM2_Init	3
../Core/Src/main.c:769:13:MX_TIM3_Init	3
../Core/Src/main.c:818:13:MX_TIM4_Init	3
../Core/Src/main.c:867:13:MX_TIM5_Init	3
../Core/Src/main.c:916:13:MX_TIM9_Init	7
../Core/Src/main.c:978:13:MX_TIM11_Init	5
../Core/Src/main.c:1030:13:MX_USART2_UART_Init	2
../Core/Src/main.c:1063:13:MX_GPIO_Init	1
../Core/Src/main.c:1149:6:Error_Handler	1
