../Core/Src/main.c:112:5:_write	24	static
../Core/Src/main.c:118:6:PCA9685_SetBit	40	static
../Core/Src/main.c:129:6:PCA9685_SetPWMFrequency	40	static
../Core/Src/main.c:143:6:PCA9685_Init	16	static
../Core/Src/main.c:149:6:PCA9685_SetPWM	40	static
../Core/Src/main.c:161:8:updateEncoder	24	static
../Core/Src/main.c:169:6:OneWord	24	static
../Core/Src/main.c:175:6:Stop	16	static
../Core/Src/main.c:184:6:breaking	16	static
../Core/Src/main.c:190:6:Sideways	24	static
../Core/Src/main.c:225:8:updatePid	64	static
../Core/Src/main.c:241:6:onewordPid	208	static
../Core/Src/main.c:344:5:main	16	static
../Core/Src/main.c:417:6:SystemClock_Config	80	static
../Core/Src/main.c:461:13:MX_I2C1_Init	8	static
../Core/Src/main.c:495:13:MX_TIM2_Init	56	static
../Core/Src/main.c:544:13:MX_TIM3_Init	56	static
../Core/Src/main.c:593:13:MX_TIM4_Init	56	static
../Core/Src/main.c:642:13:MX_TIM5_Init	56	static
../Core/Src/main.c:691:13:MX_USART2_UART_Init	8	static
../Core/Src/main.c:724:13:MX_GPIO_Init	48	static
../Core/Src/main.c:802:6:Error_Handler	4	static,ignoring_inline_asm
