../Core/Src/main.c:130:5:_write	1
../Core/Src/main.c:136:6:PCA9685_SetBit	2
../Core/Src/main.c:147:6:PCA9685_SetPWMFrequency	3
../Core/Src/main.c:161:6:PCA9685_Init	1
../Core/Src/main.c:167:6:PCA9685_SetPWM	1
../Core/Src/main.c:179:8:updateEncoder	1
../Core/Src/main.c:188:6:oneWord	3
../Core/Src/main.c:194:6:stop	2
../Core/Src/main.c:203:6:breaking	1
../Core/Src/main.c:255:8:updatePid	3
../Core/Src/main.c:268:6:onewordPid	28
../Core/Src/main.c:396:5:main	3
../Core/Src/main.c:485:6:SystemClock_Config	3
../Core/Src/main.c:529:13:MX_I2C1_Init	2
../Core/Src/main.c:563:13:MX_TIM2_Init	3
../Core/Src/main.c:612:13:MX_TIM3_Init	3
../Core/Src/main.c:661:13:MX_TIM4_Init	3
../Core/Src/main.c:710:13:MX_TIM5_Init	3
../Core/Src/main.c:759:13:MX_USART2_UART_Init	2
../Core/Src/main.c:792:13:MX_GPIO_Init	1
../Core/Src/main.c:878:6:Error_Handler	1
